
> gym-api@1.2.4 test
> node --test server.test.js

✔ HTTP health and unauthenticated private data (823.0237ms)
✔ captured malformed JSON is client error and runtime stays healthy (20.3991ms)
✔ oversized body returns 413 and JSON primitives return 400 (61.4119ms)
✔ arrays and malformed collections are rejected before persistence (24.0126ms)
TRACE qa-A GET revision=0 -> PUT owner=qa-A base=0 revision=1 -> stale PUT 409 -> owner/cookie mismatch 409 -> GET preserved -> qa-B null
✔ real HTTP revision CAS rejects second device and cross-profile owner (26.339ms)
✔ private/non-HTTPS push endpoint is refused before network (3.5106ms)
✖ existing corrupted DB fails closed and retains bytes (1232.7345ms)
ℹ tests 7
ℹ suites 0
ℹ pass 6
ℹ fail 1
ℹ cancelled 0
ℹ skipped 0
ℹ todo 0
ℹ duration_ms 2446.1411

✖ failing tests:

test at server.test.js:43:1
✖ existing corrupted DB fails closed and retains bytes (1232.7345ms)
  AssertionError [ERR_ASSERTION]: Expected "actual" to be strictly unequal to:
  
  'still-running'
      at TestContext.<anonymous> (file:///C:/Users/jader/Desktop/PROJETOS-AI/openGym/api/server.test.js:47:10)
      at async Test.run (node:internal/test_runner/test:1110:7)
      at async Test.processPendingSubtests (node:internal/test_runner/test:785:7) {
    generatedMessage: true,
    code: 'ERR_ASSERTION',
    actual: 'still-running',
    expected: 'still-running',
    operator: 'notStrictEqual',
    diff: 'simple'
  }
