
> opengym-selfhosted@1.2.4 build
> npm --prefix frontend run build


> opengym-frontend@1.2.4 build
> vite build

vite v8.1.5 building client environment for production...
[2K
transforming...✓ 105 modules transformed.
rendering chunks...
computing gzip size...
dist/index.html                         0.92 kB │ gzip:   0.45 kB
dist/assets/index-DEjxF9S4.css         33.60 kB │ gzip:   7.54 kB
dist/assets/esm-DdInOfk-.js             0.34 kB │ gzip:   0.24 kB
dist/assets/web-C8FZOtxJ.js             0.36 kB │ gzip:   0.24 kB
dist/assets/esm-ClZvT1Q8.js             0.58 kB │ gzip:   0.35 kB
dist/assets/esm-mBEek8SF.js             1.32 kB │ gzip:   0.70 kB
dist/assets/demoSeed-9_nB7MmP.js        2.45 kB │ gzip:   1.40 kB
dist/assets/web-CKxJfBtN.js             3.33 kB │ gzip:   1.03 kB
dist/assets/dist-BM9z_ABF.js            7.29 kB │ gzip:   2.95 kB
dist/assets/web-hdLat-RN.js             8.48 kB │ gzip:   2.84 kB
dist/assets/zh-C_qMri8b.js             33.23 kB │ gzip:  14.29 kB
dist/assets/it-JJHi-Jif.js             35.45 kB │ gzip:  13.47 kB
dist/assets/tr-CsNagP-h.js             35.60 kB │ gzip:  13.80 kB
dist/assets/pl-zdpCfobi.js             35.68 kB │ gzip:  14.25 kB
dist/assets/es-cP4iGxLY.js             35.80 kB │ gzip:  13.66 kB
dist/assets/pt-D1WJ7kdE.js             35.87 kB │ gzip:  13.85 kB
dist/assets/de-r4B4jKYt.js             36.25 kB │ gzip:  13.85 kB
dist/assets/fr-aJnSkT7z.js             36.86 kB │ gzip:  13.96 kB
dist/assets/ko-DAd3G-sx.js             36.92 kB │ gzip:  14.38 kB
dist/assets/ru-sGIvv6lW.js             48.16 kB │ gzip:  15.96 kB
dist/assets/hi-BA2fPjuy.js             56.18 kB │ gzip:  15.40 kB
dist/assets/body-paths-D_5SR19s.js     93.27 kB │ gzip:  40.92 kB
dist/assets/zh-Dv1YUk6Y.js            480.28 kB │ gzip:  76.08 kB
dist/assets/pl-BjwyCb8S.js            654.08 kB │ gzip:  91.83 kB
dist/assets/ko-CmKuB3JG.js            656.93 kB │ gzip:  99.32 kB
dist/assets/it-B3DFTmeW.js            681.50 kB │ gzip:  88.10 kB
dist/assets/fr-6mJbq5QV.js            712.56 kB │ gzip:  86.47 kB
dist/assets/es-B6eXLS-1.js            717.70 kB │ gzip:  86.99 kB
dist/assets/tr-DeLJRhY1.js            731.25 kB │ gzip:  90.20 kB
dist/assets/ru-D8MGg0MX.js          1,055.67 kB │ gzip: 106.17 kB
dist/assets/index-DfgTahqf.js       1,288.29 kB │ gzip: 248.77 kB
dist/assets/hi-BEuJj137.js          1,583.74 kB │ gzip: 121.86 kB

✓ built in 1.31s
[plugin builtin:vite-reporter] 
(!) Some chunks are larger than 1500 kB after minification. Consider:
- Using dynamic import() to code-split the application
- Use build.rolldownOptions.output.codeSplitting to improve chunking: https://rolldown.rs/reference/OutputOptions.codeSplitting
- Adjust chunk size limit for this warning via build.chunkSizeWarningLimit.
