
> opengym-selfhosted@1.2.4 build
> npm --prefix frontend run build


> opengym-frontend@1.2.4 build
> vite build

vite v8.1.5 building client environment for production...
[2K
transforming...✓ 105 modules transformed.
rendering chunks...
computing gzip size...
dist/index.html                         0.92 kB │ gzip:   0.45 kB
dist/assets/index-DEjxF9S4.css         33.60 kB │ gzip:   7.54 kB
dist/assets/esm-BRsfNCeM.js             0.34 kB │ gzip:   0.25 kB
dist/assets/web-C8FZOtxJ.js             0.36 kB │ gzip:   0.24 kB
dist/assets/esm-8pbklJ0f.js             0.58 kB │ gzip:   0.35 kB
dist/assets/esm-B6A2O8cC.js             1.32 kB │ gzip:   0.70 kB
dist/assets/demoSeed-CB5Zi7oN.js        2.45 kB │ gzip:   1.40 kB
dist/assets/web-CKxJfBtN.js             3.33 kB │ gzip:   1.03 kB
dist/assets/dist-BM9z_ABF.js            7.29 kB │ gzip:   2.95 kB
dist/assets/web-Y1cGk9SM.js             8.48 kB │ gzip:   2.84 kB
dist/assets/zh-CwLCLKxr.js             33.46 kB │ gzip:  14.34 kB
dist/assets/it-Cz6E_QZs.js             35.68 kB │ gzip:  13.52 kB
dist/assets/tr-x7af4x8J.js             35.83 kB │ gzip:  13.84 kB
dist/assets/pl-C-KflnNI.js             35.91 kB │ gzip:  14.30 kB
dist/assets/es-C7o-S0qk.js             36.04 kB │ gzip:  13.71 kB
dist/assets/pt-BhYnfBL5.js             36.13 kB │ gzip:  13.94 kB
dist/assets/de-C94hfc7J.js             36.49 kB │ gzip:  13.90 kB
dist/assets/fr-DxwX_wqw.js             37.09 kB │ gzip:  14.01 kB
dist/assets/ko-BkULYVsP.js             37.15 kB │ gzip:  14.43 kB
dist/assets/ru-B5vQk89y.js             48.39 kB │ gzip:  16.02 kB
dist/assets/hi-BQzyv7gJ.js             56.42 kB │ gzip:  15.45 kB
dist/assets/body-paths-D_5SR19s.js     93.27 kB │ gzip:  40.92 kB
dist/assets/zh-Dv1YUk6Y.js            480.28 kB │ gzip:  76.08 kB
dist/assets/pl-BjwyCb8S.js            654.08 kB │ gzip:  91.83 kB
dist/assets/ko-CmKuB3JG.js            656.93 kB │ gzip:  99.32 kB
dist/assets/it-B3DFTmeW.js            681.50 kB │ gzip:  88.10 kB
dist/assets/fr-6mJbq5QV.js            712.56 kB │ gzip:  86.47 kB
dist/assets/es-B6eXLS-1.js            717.70 kB │ gzip:  86.99 kB
dist/assets/tr-DeLJRhY1.js            731.25 kB │ gzip:  90.20 kB
dist/assets/ru-D8MGg0MX.js          1,055.67 kB │ gzip: 106.17 kB
dist/assets/index-Dx5ZuuZ9.js       1,288.47 kB │ gzip: 248.80 kB
dist/assets/hi-BEuJj137.js          1,583.74 kB │ gzip: 121.86 kB

✓ built in 2.19s
[plugin builtin:vite-reporter] 
(!) Some chunks are larger than 1500 kB after minification. Consider:
- Using dynamic import() to code-split the application
- Use build.rolldownOptions.output.codeSplitting to improve chunking: https://rolldown.rs/reference/OutputOptions.codeSplitting
- Adjust chunk size limit for this warning via build.chunkSizeWarningLimit.
